device: cpu  |  N=72  K=8  EPOCHS=5  SEEDS=10
Orbit period verified: 6 steps → identity

── A  xavier ──────────────────────────────
   trainable params: 88,122
/home/ford/.pyenv/versions/dev/lib/python3.10/site-packages/torch/cuda/__init__.py:422: UserWarning: Found GPU0 NVIDIA GeForce GTX 1080 which is of compute capability (CC) 6.1.
The following list shows the CCs this version of PyTorch was built for and the hardware CCs it supports:
- 7.5 which supports hardware CC >=7.5,<8.0
- 8.0 which supports hardware CC >=8.0,<9.0 except {8.7}
- 8.6 which supports hardware CC >=8.6,<9.0 except {8.7}
- 9.0 which supports hardware CC >=9.0,<10.0
- 10.0 which supports hardware CC >=10.0,<11.0 except {10.1}
- 12.0 which supports hardware CC >=12.0,<13.0
Your installed torch==2.13.0+cu130 does not include kernels for this GPU. Reinstall the same version against a CUDA build that does, e.g.:
  For CUDA 12.6 use pip install torch==2.13.0 --index-url https://download.pytorch.org/whl/cu126
  _warn_unsupported_code(d, device_cc, code_ccs)
/home/ford/.pyenv/versions/dev/lib/python3.10/site-packages/torch/cuda/__init__.py:422: UserWarning: Found GPU1 NVIDIA GeForce GTX 1070 which is of compute capability (CC) 6.1.
The following list shows the CCs this version of PyTorch was built for and the hardware CCs it supports:
- 7.5 which supports hardware CC >=7.5,<8.0
- 8.0 which supports hardware CC >=8.0,<9.0 except {8.7}
- 8.6 which supports hardware CC >=8.6,<9.0 except {8.7}
- 9.0 which supports hardware CC >=9.0,<10.0
- 10.0 which supports hardware CC >=10.0,<11.0 except {10.1}
- 12.0 which supports hardware CC >=12.0,<13.0
Your installed torch==2.13.0+cu130 does not include kernels for this GPU. Reinstall the same version against a CUDA build that does, e.g.:
  For CUDA 12.6 use pip install torch==2.13.0 --index-url https://download.pytorch.org/whl/cu126
  _warn_unsupported_code(d, device_cc, code_ccs)
/home/ford/.pyenv/versions/dev/lib/python3.10/site-packages/torch/cuda/__init__.py:540: UserWarning: 
NVIDIA GeForce GTX 1080 with CUDA capability sm_61 is not compatible with the current PyTorch installation.
The current PyTorch install supports CUDA capabilities sm_75 sm_80 sm_86 sm_90 sm_100 sm_120.
If you want to use the NVIDIA GeForce GTX 1080 GPU with PyTorch, please check the instructions at https://pytorch.org/get-started/locally/

  queued_call()
/home/ford/.pyenv/versions/dev/lib/python3.10/site-packages/torch/cuda/__init__.py:540: UserWarning: 
NVIDIA GeForce GTX 1070 with CUDA capability sm_61 is not compatible with the current PyTorch installation.
The current PyTorch install supports CUDA capabilities sm_75 sm_80 sm_86 sm_90 sm_100 sm_120.
If you want to use the NVIDIA GeForce GTX 1070 GPU with PyTorch, please check the instructions at https://pytorch.org/get-started/locally/

  queued_call()
